[    0.000000] Booting Linux on physical CPU 0x0000000000 [0x410fd034]
[    0.000000] Linux version 5.15.163 (chaseo@Ubuntu) (aarch64-none-linux-gnu-gcc (Arm GNU Toolchain 13.3.Rel1 (Build arm-13.24)) 13.3.1 20240614, GNU ld (Arm GNU Toolchain 13.3.Rel1 (Build arm-13.24)) 2.42.0.20240614) #1 SMP PREEMPT Mon Sep 15 19:12:43 MDT 2025
[    0.000000] Machine model: linux,dummy-virt
[    0.000000] efi: UEFI not found.
[    0.000000] NUMA: No NUMA configuration found
[    0.000000] NUMA: Faking a node at [mem 0x0000000040000000-0x000000004fffffff]
[    0.000000] NUMA: NODE_DATA [mem 0x4ff73c00-0x4ff75fff]
[    0.000000] Zone ranges:
[    0.000000]   DMA      [mem 0x0000000040000000-0x000000004fffffff]
[    0.000000]   DMA32    empty
[    0.000000]   Normal   empty
[    0.000000] Movable zone start for each node
[    0.000000] Early memory node ranges
[    0.000000]   node   0: [mem 0x0000000040000000-0x000000004fffffff]
[    0.000000] Initmem setup node 0 [mem 0x0000000040000000-0x000000004fffffff]
[    0.000000] cma: Reserved 32 MiB at 0x000000004d800000
[    0.000000] psci: probing for conduit method from DT.
[    0.000000] psci: PSCIv0.2 detected in firmware.
[    0.000000] psci: Using standard PSCI v0.2 function IDs
[    0.000000] psci: Trusted OS migration not required
[    0.000000] percpu: Embedded 20 pages/cpu s41560 r8192 d32168 u81920
[    0.000000] Detected VIPT I-cache on CPU0
[    0.000000] CPU features: kernel page table isolation forced ON by KASLR
[    0.000000] CPU features: detected: Kernel page table isolation (KPTI)
[    0.000000] CPU features: detected: ARM erratum 843419
[    0.000000] CPU features: detected: ARM erratum 845719
[    0.000000] Built 1 zonelists, mobility grouping on.  Total pages: 64512
[    0.000000] Policy zone: DMA
[    0.000000] Kernel command line: rdinit=/home/autorun-qemu.sh console=ttyAMA0
[    0.000000] Dentry cache hash table entries: 32768 (order: 6, 262144 bytes, linear)
[    0.000000] Inode-cache hash table entries: 16384 (order: 5, 131072 bytes, linear)
[    0.000000] mem auto-init: stack:all(zero), heap alloc:off, heap free:off
[    0.000000] Memory: 183832K/262144K available (15232K kernel code, 3090K rwdata, 8284K rodata, 6208K init, 497K bss, 45544K reserved, 32768K cma-reserved)
[    0.000000] SLUB: HWalign=64, Order=0-3, MinObjects=0, CPUs=1, Nodes=1
[    0.000000] rcu: Preemptible hierarchical RCU implementation.
[    0.000000] rcu: 	RCU event tracing is enabled.
[    0.000000] rcu: 	RCU restricting CPUs from NR_CPUS=256 to nr_cpu_ids=1.
[    0.000000] 	Trampoline variant of Tasks RCU enabled.
[    0.000000] rcu: RCU calculated value of scheduler-enlistment delay is 25 jiffies.
[    0.000000] rcu: Adjusting geometry for rcu_fanout_leaf=16, nr_cpu_ids=1
[    0.000000] NR_IRQS: 64, nr_irqs: 64, preallocated irqs: 0
[    0.000000] Root IRQ handler: gic_handle_irq
[    0.000000] GICv2m: range[mem 0x08020000-0x08020fff], SPI[80:143]
[    0.000000] arch_timer: cp15 timer(s) running at 62.50MHz (virt).
[    0.000000] clocksource: arch_sys_counter: mask: 0xffffffffffffff max_cycles: 0x1cd42e208c, max_idle_ns: 881590405314 ns
[    0.000055] sched_clock: 56 bits at 62MHz, resolution 16ns, wraps every 4398046511096ns
[    0.007513] Console: colour dummy device 80x25
[    0.009714] Calibrating delay loop (skipped), value calculated using timer frequency.. 125.00 BogoMIPS (lpj=250000)
[    0.009813] pid_max: default: 32768 minimum: 301
[    0.010322] LSM: Security Framework initializing
[    0.013088] Mount-cache hash table entries: 512 (order: 0, 4096 bytes, linear)
[    0.013142] Mountpoint-cache hash table entries: 512 (order: 0, 4096 bytes, linear)
[    0.033562] /cpus/cpu-map: empty cluster
[    0.039656] rcu: Hierarchical SRCU implementation.
[    0.041953] EFI services will not be available.
[    0.042224] smp: Bringing up secondary CPUs ...
[    0.042280] smp: Brought up 1 node, 1 CPU
[    0.042298] SMP: Total of 1 processors activated.
[    0.042334] CPU features: detected: 32-bit EL0 Support
[    0.042347] CPU features: detected: 32-bit EL1 Support
[    0.042383] CPU features: detected: CRC32 instructions
[    0.055299] CPU: All CPU(s) started at EL1
[    0.055646] alternatives: patching kernel code
[    0.067352] devtmpfs: initialized
[    0.073805] KASLR enabled
[    0.074894] clocksource: jiffies: mask: 0xffffffff max_cycles: 0xffffffff, max_idle_ns: 7645041785100000 ns
[    0.075036] futex hash table entries: 256 (order: 2, 16384 bytes, linear)
[    0.077914] pinctrl core: initialized pinctrl subsystem
[    0.085516] DMI not present or invalid.
[    0.090408] NET: Registered PF_NETLINK/PF_ROUTE protocol family
[    0.100828] DMA: preallocated 128 KiB GFP_KERNEL pool for atomic allocations
[    0.101148] DMA: preallocated 128 KiB GFP_KERNEL|GFP_DMA pool for atomic allocations
[    0.101272] DMA: preallocated 128 KiB GFP_KERNEL|GFP_DMA32 pool for atomic allocations
[    0.101421] audit: initializing netlink subsys (disabled)
[    0.105778] thermal_sys: Registered thermal governor 'step_wise'
[    0.105809] thermal_sys: Registered thermal governor 'power_allocator'
[    0.107049] audit: type=2000 audit(0.064:1): state=initialized audit_enabled=0 res=1
[    0.107332] cpuidle: using governor menu
[    0.107913] hw-breakpoint: found 6 breakpoint and 4 watchpoint registers.
[    0.110108] ASID allocator initialised with 32768 entries
[    0.112477] Serial: AMBA PL011 UART driver
[    0.134547] 9000000.pl011: ttyAMA0 at MMIO 0x9000000 (irq = 47, base_baud = 0) is a PL011 rev1
[    0.150219] printk: console [ttyAMA0] enabled
[    0.176852] HugeTLB registered 1.00 GiB page size, pre-allocated 0 pages
[    0.177025] HugeTLB registered 32.0 MiB page size, pre-allocated 0 pages
[    0.177115] HugeTLB registered 2.00 MiB page size, pre-allocated 0 pages
[    0.177212] HugeTLB registered 64.0 KiB page size, pre-allocated 0 pages
[    0.187344] cryptd: max_cpu_qlen set to 1000
[    0.196361] ACPI: Interpreter disabled.
[    0.201085] iommu: Default domain type: Translated 
[    0.201256] iommu: DMA domain TLB invalidation policy: strict mode 
[    0.201966] vgaarb: loaded
[    0.205066] SCSI subsystem initialized
[    0.206801] usbcore: registered new interface driver usbfs
[    0.207053] usbcore: registered new interface driver hub
[    0.207211] usbcore: registered new device driver usb
[    0.208261] pps_core: LinuxPPS API ver. 1 registered
[    0.208354] pps_core: Software ver. 5.3.6 - Copyright 2005-2007 Rodolfo Giometti <giometti@linux.it>
[    0.208503] PTP clock support registered
[    0.208781] EDAC MC: Ver: 3.0.0
[    0.211734] FPGA manager framework
[    0.212483] Advanced Linux Sound Architecture Driver Initialized.
[    0.223429] clocksource: Switched to clocksource arch_sys_counter
[    0.225581] VFS: Disk quotas dquot_6.6.0
[    0.225921] VFS: Dquot-cache hash table entries: 512 (order 0, 4096 bytes)
[    0.227169] pnp: PnP ACPI: disabled
[    0.239108] NET: Registered PF_INET protocol family
[    0.240265] IP idents hash table entries: 4096 (order: 3, 32768 bytes, linear)
[    0.244454] tcp_listen_portaddr_hash hash table entries: 256 (order: 0, 4096 bytes, linear)
[    0.244964] Table-perturb hash table entries: 65536 (order: 6, 262144 bytes, linear)
[    0.245906] TCP established hash table entries: 2048 (order: 2, 16384 bytes, linear)
[    0.246530] TCP bind hash table entries: 2048 (order: 3, 32768 bytes, linear)
[    0.247109] TCP: Hash tables configured (established 2048 bind 2048)
[    0.249136] UDP hash table entries: 256 (order: 1, 8192 bytes, linear)
[    0.249935] UDP-Lite hash table entries: 256 (order: 1, 8192 bytes, linear)
[    0.250915] NET: Registered PF_UNIX/PF_LOCAL protocol family
[    0.253316] RPC: Registered named UNIX socket transport module.
[    0.253620] RPC: Registered udp transport module.
[    0.253764] RPC: Registered tcp transport module.
[    0.253899] RPC: Registered tcp NFSv4.1 backchannel transport module.
[    0.254151] PCI: CLS 0 bytes, default 64
[    0.259032] Unpacking initramfs...
[    0.262833] hw perfevents: enabled with armv8_pmuv3 PMU driver, 5 counters available
[    0.263942] kvm [1]: HYP mode not available
[    0.326639] Initialise system trusted keyrings
[    0.329044] workingset: timestamp_bits=42 max_order=16 bucket_order=0
[    0.343785] squashfs: version 4.0 (2009/01/31) Phillip Lougher
[    0.349050] NFS: Registering the id_resolver key type
[    0.349611] Key type id_resolver registered
[    0.349943] Key type id_legacy registered
[    0.350771] nfs4filelayout_init: NFSv4 File Layout Driver Registering...
[    0.358803] nfs4flexfilelayout_init: NFSv4 Flexfile Layout Driver Registering...
[    0.360076] 9p: Installing v9fs 9p2000 file system support
[    0.404464] Key type asymmetric registered
[    0.404912] Asymmetric key parser 'x509' registered
[    0.405611] Block layer SCSI generic (bsg) driver version 0.4 loaded (major 245)
[    0.406094] io scheduler mq-deadline registered
[    0.406381] io scheduler kyber registered
[    0.434595] pl061_gpio 9030000.pl061: PL061 GPIO chip registered
[    0.446231] pci-host-generic 4010000000.pcie: host bridge /pcie@10000000 ranges:
[    0.448783] pci-host-generic 4010000000.pcie:       IO 0x003eff0000..0x003effffff -> 0x0000000000
[    0.450084] pci-host-generic 4010000000.pcie:      MEM 0x0010000000..0x003efeffff -> 0x0010000000
[    0.450745] pci-host-generic 4010000000.pcie:      MEM 0x8000000000..0xffffffffff -> 0x8000000000
[    0.452289] pci-host-generic 4010000000.pcie: Memory resource size exceeds max for 32 bits
[    0.453075] pci-host-generic 4010000000.pcie: ECAM at [mem 0x4010000000-0x401fffffff] for [bus 00-ff]
[    0.460300] pci-host-generic 4010000000.pcie: PCI host bridge to bus 0000:00
[    0.460741] pci_bus 0000:00: root bus resource [bus 00-ff]
[    0.460952] pci_bus 0000:00: root bus resource [io  0x0000-0xffff]
[    0.461238] pci_bus 0000:00: root bus resource [mem 0x10000000-0x3efeffff]
[    0.461488] pci_bus 0000:00: root bus resource [mem 0x8000000000-0xffffffffff]
[    0.463666] pci 0000:00:00.0: [1b36:0008] type 00 class 0x060000
[    0.477430] pci 0000:00:01.0: [1af4:1000] type 00 class 0x020000
[    0.477991] pci 0000:00:01.0: reg 0x10: [io  0x0000-0x001f]
[    0.478259] pci 0000:00:01.0: reg 0x14: [mem 0x00000000-0x00000fff]
[    0.478618] pci 0000:00:01.0: reg 0x20: [mem 0x00000000-0x00003fff 64bit pref]
[    0.478985] pci 0000:00:01.0: reg 0x30: [mem 0x00000000-0x0007ffff pref]
[    0.481078] pci 0000:00:01.0: BAR 6: assigned [mem 0x10000000-0x1007ffff pref]
[    0.481987] pci 0000:00:01.0: BAR 4: assigned [mem 0x8000000000-0x8000003fff 64bit pref]
[    0.482382] pci 0000:00:01.0: BAR 1: assigned [mem 0x10080000-0x10080fff]
[    0.482654] pci 0000:00:01.0: BAR 0: assigned [io  0x1000-0x101f]
[    0.496422] EINJ: ACPI disabled.
[    0.515344] virtio-pci 0000:00:01.0: enabling device (0000 -> 0003)
[    0.541728] Serial: 8250/16550 driver, 4 ports, IRQ sharing enabled
[    0.549606] SuperH (H)SCI(F) driver initialized
[    0.550541] msm_serial: driver initialized
[    0.553294] cacheinfo: Unable to detect cache hierarchy for CPU 0
[    0.577990] loop: module loaded
[    0.580954] megasas: 07.717.02.00-rc1
[    0.591991] physmap-flash 0.flash: physmap platform flash device: [mem 0x00000000-0x03ffffff]
[    0.604707] 0.flash: Found 2 x16 devices at 0x0 in 32-bit bank. Manufacturer ID 0x000000 Chip ID 0x000000
[    0.606754] Intel/Sharp Extended Query Table at 0x0031
[    0.615207] Using buffer write method
[    0.617055] physmap-flash 0.flash: physmap platform flash device: [mem 0x04000000-0x07ffffff]
[    0.624332] 0.flash: Found 2 x16 devices at 0x0 in 32-bit bank. Manufacturer ID 0x000000 Chip ID 0x000000
[    0.625535] Intel/Sharp Extended Query Table at 0x0031
[    0.626401] Using buffer write method
[    0.627466] Concatenating MTD devices:
[    0.628281] (0): "0.flash"
[    0.628584] (1): "0.flash"
[    0.628679] into device "0.flash"
[    0.661614] Freeing initrd memory: 5928K
[    0.758493] tun: Universal TUN/TAP device driver, 1.6
[    0.769379] thunder_xcv, ver 1.0
[    0.769687] thunder_bgx, ver 1.0
[    0.769847] nicpf, ver 1.0
[    0.772848] hns3: Hisilicon Ethernet Network Driver for Hip08 Family - version
[    0.773284] hns3: Copyright (c) 2017 Huawei Corporation.
[    0.773952] hclge is initializing
[    0.774347] e1000: Intel(R) PRO/1000 Network Driver
[    0.774594] e1000: Copyright (c) 1999-2006 Intel Corporation.
[    0.774950] e1000e: Intel(R) PRO/1000 Network Driver
[    0.775218] e1000e: Copyright(c) 1999 - 2015 Intel Corporation.
[    0.776079] igb: Intel(R) Gigabit Ethernet Network Driver
[    0.776302] igb: Copyright (c) 2007-2014 Intel Corporation.
[    0.777031] igbvf: Intel(R) Gigabit Virtual Function Network Driver
[    0.777284] igbvf: Copyright (c) 2009 - 2012 Intel Corporation.
[    0.777809] sky2: driver version 1.30
[    0.779706] VFIO - User Level meta-driver version: 0.3
[    0.782847] ehci_hcd: USB 2.0 'Enhanced' Host Controller (EHCI) Driver
[    0.783228] ehci-pci: EHCI PCI platform driver
[    0.783531] ehci-platform: EHCI generic platform driver
[    0.783821] ehci-orion: EHCI orion driver
[    0.784075] ehci-exynos: EHCI Exynos driver
[    0.784411] ohci_hcd: USB 1.1 'Open' Host Controller (OHCI) Driver
[    0.784689] ohci-pci: OHCI PCI platform driver
[    0.785120] ohci-platform: OHCI generic platform driver
[    0.785906] ohci-exynos: OHCI Exynos driver
[    0.786942] usbcore: registered new interface driver usb-storage
[    0.793182] rtc-pl031 9010000.pl031: registered as rtc0
[    0.793727] rtc-pl031 9010000.pl031: setting system clock to 2025-09-16T01:52:23 UTC (1757987543)
[    0.795146] i2c_dev: i2c /dev entries driver
[    0.802375] sdhci: Secure Digital Host Controller Interface driver
[    0.802625] sdhci: Copyright(c) Pierre Ossman
[    0.803443] Synopsys Designware Multimedia Card Interface Driver
[    0.804745] sdhci-pltfm: SDHCI platform and OF driver helper
[    0.806652] ledtrig-cpu: registered to indicate activity on CPUs
[    0.809336] usbcore: registered new interface driver usbhid
[    0.809607] usbhid: USB HID core driver
[    0.818214] NET: Registered PF_PACKET protocol family
[    0.820144] 9pnet: Installing 9P2000 support
[    0.820686] Key type dns_resolver registered
[    0.822569] Loading compiled-in X.509 certificates
[    0.832977] input: gpio-keys as /devices/platform/gpio-keys/input/input0
[    0.838641] clk: Disabling unused clocks
[    0.839088] ALSA device list:
[    0.839232]   No soundcards found.
[    0.842782] uart-pl011 9000000.pl011: no DMA platform data
[    0.876036] Freeing unused kernel memory: 6208K
[    0.877200] Run /home/autorun-qemu.sh as init process
Running test script
/home/autorun-qemu.sh: line 4: ./finder-test.sh: not found
Completed with failure, failed with rc=127
finder-app execution complete, dropping to terminal
/bin/sh: can't access tty; job control turned off
/home # 